<html>
  <body>
    <nav>ignore</nav>
    <h1>Title</h1>
    <p>First paragraph text.</p>
    <h2>Section A</h2>
    <p>Second paragraph with more words.</p>
    <table><tr><td>1</td></tr></table>
    <p>After table paragraph.</p>
    <pre><code>print('code block')</code></pre>
    <footer>ignore</footer>
  </body>
</html>
